Archive member included because of file (symbol)

/usr/lib/gcc/avr/4.8.1/avr5/libgcc.a(_exit.o)
                              /usr/lib/gcc/avr/4.8.1/../../../avr/lib/avr5/crtm168p.o (exit)
/usr/lib/gcc/avr/4.8.1/avr5/libgcc.a(_copy_data.o)
                              build/modbus.o (__do_copy_data)
/usr/lib/gcc/avr/4.8.1/avr5/libgcc.a(_clear_bss.o)
                              build/gravare_puck.o (__do_clear_bss)

Allocating common symbols
Common symbol       size              file

rx_buffer           0x100             build/gravare_puck.o

Discarded input sections

 .bss           0x0000000000000000        0x0 /usr/lib/gcc/avr/4.8.1/../../../avr/lib/avr5/crtm168p.o
 .text          0x0000000000000000        0x0 build/gravare_puck.o
 .bss           0x0000000000000000        0x0 build/gravare_puck.o
 .text.uart_put
                0x0000000000000000        0x4 build/gravare_puck.o
 .text.uart_puts
                0x0000000000000000       0x18 build/gravare_puck.o
 .text.modbus_get_coil
                0x0000000000000000        0x4 build/gravare_puck.o
 .text.modbus_set_coil
                0x0000000000000000        0x2 build/gravare_puck.o
 .bss.modbus_len
                0x0000000000000000        0x1 build/gravare_puck.o
 .bss.rx_flag   0x0000000000000000        0x1 build/gravare_puck.o
 .text          0x0000000000000000        0x0 build/modbus.o
 .bss           0x0000000000000000        0x0 build/modbus.o
 .text.modbus_wait
                0x0000000000000000        0xe build/modbus.o
 .text.modbus_putarray
                0x0000000000000000       0x36 build/modbus.o
 .text.modbus_reset
                0x0000000000000000        0xe build/modbus.o
 .text.modbus_get_function
                0x0000000000000000        0x6 build/modbus.o
 .text.modbus_get_data
                0x0000000000000000        0x4 build/modbus.o
 .text          0x0000000000000000        0x0 /usr/lib/gcc/avr/4.8.1/avr5/libgcc.a(_exit.o)
 .bss           0x0000000000000000        0x0 /usr/lib/gcc/avr/4.8.1/avr5/libgcc.a(_exit.o)
 .text.libgcc.mul
                0x0000000000000000        0x0 /usr/lib/gcc/avr/4.8.1/avr5/libgcc.a(_exit.o)
 .text.libgcc.div
                0x0000000000000000        0x0 /usr/lib/gcc/avr/4.8.1/avr5/libgcc.a(_exit.o)
 .text.libgcc   0x0000000000000000        0x0 /usr/lib/gcc/avr/4.8.1/avr5/libgcc.a(_exit.o)
 .text.libgcc.prologue
                0x0000000000000000        0x0 /usr/lib/gcc/avr/4.8.1/avr5/libgcc.a(_exit.o)
 .text.libgcc.builtins
                0x0000000000000000        0x0 /usr/lib/gcc/avr/4.8.1/avr5/libgcc.a(_exit.o)
 .text.libgcc.fmul
                0x0000000000000000        0x0 /usr/lib/gcc/avr/4.8.1/avr5/libgcc.a(_exit.o)
 .text.libgcc.fixed
                0x0000000000000000        0x0 /usr/lib/gcc/avr/4.8.1/avr5/libgcc.a(_exit.o)
 .text          0x0000000000000000        0x0 /usr/lib/gcc/avr/4.8.1/avr5/libgcc.a(_copy_data.o)
 .bss           0x0000000000000000        0x0 /usr/lib/gcc/avr/4.8.1/avr5/libgcc.a(_copy_data.o)
 .text.libgcc.mul
                0x0000000000000000        0x0 /usr/lib/gcc/avr/4.8.1/avr5/libgcc.a(_copy_data.o)
 .text.libgcc.div
                0x0000000000000000        0x0 /usr/lib/gcc/avr/4.8.1/avr5/libgcc.a(_copy_data.o)
 .text.libgcc   0x0000000000000000        0x0 /usr/lib/gcc/avr/4.8.1/avr5/libgcc.a(_copy_data.o)
 .text.libgcc.prologue
                0x0000000000000000        0x0 /usr/lib/gcc/avr/4.8.1/avr5/libgcc.a(_copy_data.o)
 .text.libgcc.builtins
                0x0000000000000000        0x0 /usr/lib/gcc/avr/4.8.1/avr5/libgcc.a(_copy_data.o)
 .text.libgcc.fmul
                0x0000000000000000        0x0 /usr/lib/gcc/avr/4.8.1/avr5/libgcc.a(_copy_data.o)
 .text.libgcc.fixed
                0x0000000000000000        0x0 /usr/lib/gcc/avr/4.8.1/avr5/libgcc.a(_copy_data.o)
 .text          0x0000000000000000        0x0 /usr/lib/gcc/avr/4.8.1/avr5/libgcc.a(_clear_bss.o)
 .bss           0x0000000000000000        0x0 /usr/lib/gcc/avr/4.8.1/avr5/libgcc.a(_clear_bss.o)
 .text.libgcc.mul
                0x0000000000000000        0x0 /usr/lib/gcc/avr/4.8.1/avr5/libgcc.a(_clear_bss.o)
 .text.libgcc.div
                0x0000000000000000        0x0 /usr/lib/gcc/avr/4.8.1/avr5/libgcc.a(_clear_bss.o)
 .text.libgcc   0x0000000000000000        0x0 /usr/lib/gcc/avr/4.8.1/avr5/libgcc.a(_clear_bss.o)
 .text.libgcc.prologue
                0x0000000000000000        0x0 /usr/lib/gcc/avr/4.8.1/avr5/libgcc.a(_clear_bss.o)
 .text.libgcc.builtins
                0x0000000000000000        0x0 /usr/lib/gcc/avr/4.8.1/avr5/libgcc.a(_clear_bss.o)
 .text.libgcc.fmul
                0x0000000000000000        0x0 /usr/lib/gcc/avr/4.8.1/avr5/libgcc.a(_clear_bss.o)
 .text.libgcc.fixed
                0x0000000000000000        0x0 /usr/lib/gcc/avr/4.8.1/avr5/libgcc.a(_clear_bss.o)

Memory Configuration

Name             Origin             Length             Attributes
text             0x0000000000000000 0x0000000000020000 xr
data             0x0000000000800060 0x000000000000ffa0 rw !x
eeprom           0x0000000000810000 0x0000000000010000 rw !x
fuse             0x0000000000820000 0x0000000000000400 rw !x
lock             0x0000000000830000 0x0000000000000400 rw !x
signature        0x0000000000840000 0x0000000000000400 rw !x
user_signatures  0x0000000000850000 0x0000000000000400 rw !x
*default*        0x0000000000000000 0xffffffffffffffff

Linker script and memory map

Address of section .data set to 0x800100
LOAD /usr/lib/gcc/avr/4.8.1/../../../avr/lib/avr5/crtm168p.o
Address of section .text set to 0x1c00
LOAD build/gravare_puck.o
LOAD build/modbus.o
LOAD /usr/lib/gcc/avr/4.8.1/avr5/libgcc.a
LOAD /usr/lib/gcc/avr/4.8.1/../../../avr/lib/avr5/libm.a
START GROUP
LOAD /usr/lib/gcc/avr/4.8.1/avr5/libgcc.a
LOAD /usr/lib/gcc/avr/4.8.1/../../../avr/lib/avr5/libm.a
LOAD /usr/lib/gcc/avr/4.8.1/../../../avr/lib/avr5/libc.a
END GROUP

.hash
 *(.hash)

.dynsym
 *(.dynsym)

.dynstr
 *(.dynstr)

.gnu.version
 *(.gnu.version)

.gnu.version_d
 *(.gnu.version_d)

.gnu.version_r
 *(.gnu.version_r)

.rel.init
 *(.rel.init)

.rela.init
 *(.rela.init)

.rel.text
 *(.rel.text)
 *(.rel.text.*)
 *(.rel.gnu.linkonce.t*)

.rela.text
 *(.rela.text)
 *(.rela.text.*)
 *(.rela.gnu.linkonce.t*)

.rel.fini
 *(.rel.fini)

.rela.fini
 *(.rela.fini)

.rel.rodata
 *(.rel.rodata)
 *(.rel.rodata.*)
 *(.rel.gnu.linkonce.r*)

.rela.rodata
 *(.rela.rodata)
 *(.rela.rodata.*)
 *(.rela.gnu.linkonce.r*)

.rel.data
 *(.rel.data)
 *(.rel.data.*)
 *(.rel.gnu.linkonce.d*)

.rela.data
 *(.rela.data)
 *(.rela.data.*)
 *(.rela.gnu.linkonce.d*)

.rel.ctors
 *(.rel.ctors)

.rela.ctors
 *(.rela.ctors)

.rel.dtors
 *(.rel.dtors)

.rela.dtors
 *(.rela.dtors)

.rel.got
 *(.rel.got)

.rela.got
 *(.rela.got)

.rel.bss
 *(.rel.bss)

.rela.bss
 *(.rela.bss)

.rel.plt
 *(.rel.plt)

.rela.plt
 *(.rela.plt)

.text           0x0000000000001c00      0x61e
 *(.vectors)
 .vectors       0x0000000000001c00       0x68 /usr/lib/gcc/avr/4.8.1/../../../avr/lib/avr5/crtm168p.o
                0x0000000000001c00                __vectors
                0x0000000000001c00                __vector_default
 *(.vectors)
 *(.progmem.gcc*)
                0x0000000000001c68                . = ALIGN (0x2)
                0x0000000000001c68                __trampolines_start = .
 *(.trampolines)
 .trampolines   0x0000000000001c68        0x0 linker stubs
 *(.trampolines*)
                0x0000000000001c68                __trampolines_end = .
 *(.progmem*)
                0x0000000000001c68                . = ALIGN (0x2)
 *(.jumptables)
 *(.jumptables*)
 *(.lowtext)
 *(.lowtext*)
                0x0000000000001c68                __ctors_start = .
 *(.ctors)
                0x0000000000001c68                __ctors_end = .
                0x0000000000001c68                __dtors_start = .
 *(.dtors)
                0x0000000000001c68                __dtors_end = .
 SORT(*)(.ctors)
 SORT(*)(.dtors)
 *(.init0)
 .init0         0x0000000000001c68        0x0 /usr/lib/gcc/avr/4.8.1/../../../avr/lib/avr5/crtm168p.o
                0x0000000000001c68                __init
 *(.init0)
 *(.init1)
 *(.init1)
 *(.init2)
 .init2         0x0000000000001c68        0xc /usr/lib/gcc/avr/4.8.1/../../../avr/lib/avr5/crtm168p.o
 *(.init2)
 *(.init3)
 *(.init3)
 *(.init4)
 .init4         0x0000000000001c74       0x16 /usr/lib/gcc/avr/4.8.1/avr5/libgcc.a(_copy_data.o)
                0x0000000000001c74                __do_copy_data
 .init4         0x0000000000001c8a       0x10 /usr/lib/gcc/avr/4.8.1/avr5/libgcc.a(_clear_bss.o)
                0x0000000000001c8a                __do_clear_bss
 *(.init4)
 *(.init5)
 *(.init5)
 *(.init6)
 *(.init6)
 *(.init7)
 *(.init7)
 *(.init8)
 *(.init8)
 *(.init9)
 .init9         0x0000000000001c9a        0x8 /usr/lib/gcc/avr/4.8.1/../../../avr/lib/avr5/crtm168p.o
 *(.init9)
 *(.text)
 .text          0x0000000000001ca2        0x4 /usr/lib/gcc/avr/4.8.1/../../../avr/lib/avr5/crtm168p.o
                0x0000000000001ca2                __vector_22
                0x0000000000001ca2                __vector_1
                0x0000000000001ca2                __vector_24
                0x0000000000001ca2                __vector_12
                0x0000000000001ca2                __bad_interrupt
                0x0000000000001ca2                __vector_6
                0x0000000000001ca2                __vector_3
                0x0000000000001ca2                __vector_23
                0x0000000000001ca2                __vector_25
                0x0000000000001ca2                __vector_11
                0x0000000000001ca2                __vector_13
                0x0000000000001ca2                __vector_17
                0x0000000000001ca2                __vector_19
                0x0000000000001ca2                __vector_7
                0x0000000000001ca2                __vector_5
                0x0000000000001ca2                __vector_4
                0x0000000000001ca2                __vector_9
                0x0000000000001ca2                __vector_2
                0x0000000000001ca2                __vector_21
                0x0000000000001ca2                __vector_15
                0x0000000000001ca2                __vector_8
                0x0000000000001ca2                __vector_10
                0x0000000000001ca2                __vector_16
                0x0000000000001ca6                . = ALIGN (0x2)
 *(.text.*)
 .text.uart_init
                0x0000000000001ca6       0x26 build/gravare_puck.o
                0x0000000000001ca6                uart_init
 .text.uart_transmit
                0x0000000000001ccc       0x10 build/gravare_puck.o
                0x0000000000001ccc                uart_transmit
 .text.modbus_tx
                0x0000000000001cdc        0x4 build/gravare_puck.o
                0x0000000000001cdc                modbus_tx
 .text.__vector_18
                0x0000000000001ce0       0x44 build/gravare_puck.o
                0x0000000000001ce0                __vector_18
 .text.__vector_20
                0x0000000000001d24       0x16 build/gravare_puck.o
                0x0000000000001d24                __vector_20
 .text.__vector_14
                0x0000000000001d3a       0x7e build/gravare_puck.o
                0x0000000000001d3a                __vector_14
 .text.setup    0x0000000000001db8       0x1c build/gravare_puck.o
                0x0000000000001db8                setup
 .text.modbus_get_register
                0x0000000000001dd4        0x6 build/gravare_puck.o
                0x0000000000001dd4                modbus_get_register
 .text.modbus_set_register
                0x0000000000001dda        0x2 build/gravare_puck.o
                0x0000000000001dda                modbus_set_register
 .text.modbus_on_broadcast
                0x0000000000001ddc        0x2 build/gravare_puck.o
                0x0000000000001ddc                modbus_on_broadcast
 .text.startup.main
                0x0000000000001dde        0x6 build/gravare_puck.o
                0x0000000000001dde                main
 .text.boot_program_page
                0x0000000000001de4       0x76 build/modbus.o
                0x0000000000001de4                boot_program_page
 .text.modbus_crc
                0x0000000000001e5a       0x28 build/modbus.o
                0x0000000000001e5a                modbus_crc
 .text.modbus_put
                0x0000000000001e82       0x20 build/modbus.o
                0x0000000000001e82                modbus_put
 .text.modbus_putregister
                0x0000000000001ea2       0x12 build/modbus.o
                0x0000000000001ea2                modbus_putregister
 .text.modbus_putcrc
                0x0000000000001eb4       0x1e build/modbus.o
                0x0000000000001eb4                modbus_putcrc
 .text.modbus_start
                0x0000000000001ed2       0x36 build/modbus.o
                0x0000000000001ed2                modbus_start
 .text.modbus_stop
                0x0000000000001f08       0x1a build/modbus.o
                0x0000000000001f08                modbus_stop
 .text.modbus_throw
                0x0000000000001f22       0x24 build/modbus.o
                0x0000000000001f22                modbus_throw
 .text.modbus_is_frame_valid
                0x0000000000001f46       0x86 build/modbus.o
                0x0000000000001f46                modbus_is_frame_valid
 .text.modbus_get_id
                0x0000000000001fcc        0x6 build/modbus.o
                0x0000000000001fcc                modbus_get_id
 .text.modbus_uint16
                0x0000000000001fd2       0x14 build/modbus.o
                0x0000000000001fd2                modbus_uint16
 .text.modbus_execute
                0x0000000000001fe6      0x234 build/modbus.o
                0x0000000000001fe6                modbus_execute
                0x000000000000221a                . = ALIGN (0x2)
 *(.fini9)
 .fini9         0x000000000000221a        0x0 /usr/lib/gcc/avr/4.8.1/avr5/libgcc.a(_exit.o)
                0x000000000000221a                exit
                0x000000000000221a                _exit
 *(.fini9)
 *(.fini8)
 *(.fini8)
 *(.fini7)
 *(.fini7)
 *(.fini6)
 *(.fini6)
 *(.fini5)
 *(.fini5)
 *(.fini4)
 *(.fini4)
 *(.fini3)
 *(.fini3)
 *(.fini2)
 *(.fini2)
 *(.fini1)
 *(.fini1)
 *(.fini0)
 .fini0         0x000000000000221a        0x4 /usr/lib/gcc/avr/4.8.1/avr5/libgcc.a(_exit.o)
 *(.fini0)
                0x000000000000221e                _etext = .

.data           0x0000000000800100        0x2 load address 0x000000000000221e
                0x0000000000800100                PROVIDE (__data_start, .)
 *(.data)
 .data          0x0000000000800100        0x0 /usr/lib/gcc/avr/4.8.1/../../../avr/lib/avr5/crtm168p.o
 .data          0x0000000000800100        0x0 build/gravare_puck.o
 .data          0x0000000000800100        0x0 build/modbus.o
 .data          0x0000000000800100        0x0 /usr/lib/gcc/avr/4.8.1/avr5/libgcc.a(_exit.o)
 .data          0x0000000000800100        0x0 /usr/lib/gcc/avr/4.8.1/avr5/libgcc.a(_copy_data.o)
 .data          0x0000000000800100        0x0 /usr/lib/gcc/avr/4.8.1/avr5/libgcc.a(_clear_bss.o)
 *(.data*)
 .data.tx_crc   0x0000000000800100        0x2 build/modbus.o
                0x0000000000800100                tx_crc
 *(.rodata)
 *(.rodata*)
 *(.gnu.linkonce.d*)
                0x0000000000800102                . = ALIGN (0x2)
                0x0000000000800102                _edata = .
                0x0000000000800102                PROVIDE (__data_end, .)

.bss            0x0000000000800102      0x101
                0x0000000000800102                PROVIDE (__bss_start, .)
 *(.bss)
 *(.bss*)
 .bss.tx_index  0x0000000000800102        0x1 build/gravare_puck.o
                0x0000000000800102                tx_index
 *(COMMON)
 COMMON         0x0000000000800103      0x100 build/gravare_puck.o
                0x0000000000800103                rx_buffer
                0x0000000000800203                PROVIDE (__bss_end, .)
                0x000000000000221e                __data_load_start = LOADADDR (.data)
                0x0000000000002220                __data_load_end = (__data_load_start + SIZEOF (.data))

.noinit         0x0000000000800203        0x0
                0x0000000000800203                PROVIDE (__noinit_start, .)
 *(.noinit*)
                0x0000000000800203                PROVIDE (__noinit_end, .)
                0x0000000000800203                _end = .
                0x0000000000800203                PROVIDE (__heap_start, .)

.eeprom         0x0000000000810000        0x0
 *(.eeprom*)
                0x0000000000810000                __eeprom_end = .

.fuse
 *(.fuse)
 *(.lfuse)
 *(.hfuse)
 *(.efuse)

.lock
 *(.lock*)

.signature
 *(.signature*)

.user_signatures
 *(.user_signatures*)

.stab
 *(.stab)

.stabstr
 *(.stabstr)

.stab.excl
 *(.stab.excl)

.stab.exclstr
 *(.stab.exclstr)

.stab.index
 *(.stab.index)

.stab.indexstr
 *(.stab.indexstr)

.comment        0x0000000000000000       0x11
 *(.comment)
 .comment       0x0000000000000000       0x11 build/gravare_puck.o
                                         0x12 (size before relaxing)
 .comment       0x0000000000000000       0x12 build/modbus.o

.note.gnu.build-id
 *(.note.gnu.build-id)

.debug
 *(.debug)

.line
 *(.line)

.debug_srcinfo
 *(.debug_srcinfo)

.debug_sfnames
 *(.debug_sfnames)

.debug_aranges
 *(.debug_aranges)

.debug_pubnames
 *(.debug_pubnames)

.debug_info
 *(.debug_info .gnu.linkonce.wi.*)

.debug_abbrev
 *(.debug_abbrev)

.debug_line
 *(.debug_line .debug_line.* .debug_line_end)

.debug_frame
 *(.debug_frame)

.debug_str
 *(.debug_str)

.debug_loc
 *(.debug_loc)

.debug_macinfo
 *(.debug_macinfo)

.debug_weaknames
 *(.debug_weaknames)

.debug_funcnames
 *(.debug_funcnames)

.debug_typenames
 *(.debug_typenames)

.debug_varnames
 *(.debug_varnames)

.debug_pubtypes
 *(.debug_pubtypes)

.debug_ranges
 *(.debug_ranges)

.debug_macro
 *(.debug_macro)
OUTPUT(build/gravare_puck.elf elf32-avr)
LOAD linker stubs

Cross Reference Table

Symbol                                            File
__bad_interrupt                                   /usr/lib/gcc/avr/4.8.1/../../../avr/lib/avr5/crtm168p.o
__bss_end                                         /usr/lib/gcc/avr/4.8.1/avr5/libgcc.a(_clear_bss.o)
__bss_start                                       /usr/lib/gcc/avr/4.8.1/avr5/libgcc.a(_clear_bss.o)
__data_end                                        /usr/lib/gcc/avr/4.8.1/avr5/libgcc.a(_copy_data.o)
__data_load_start                                 /usr/lib/gcc/avr/4.8.1/avr5/libgcc.a(_copy_data.o)
__data_start                                      /usr/lib/gcc/avr/4.8.1/avr5/libgcc.a(_copy_data.o)
__do_clear_bss                                    /usr/lib/gcc/avr/4.8.1/avr5/libgcc.a(_clear_bss.o)
                                                  build/gravare_puck.o
__do_copy_data                                    /usr/lib/gcc/avr/4.8.1/avr5/libgcc.a(_copy_data.o)
                                                  build/modbus.o
__heap_end                                        /usr/lib/gcc/avr/4.8.1/../../../avr/lib/avr5/crtm168p.o
__init                                            /usr/lib/gcc/avr/4.8.1/../../../avr/lib/avr5/crtm168p.o
__stack                                           /usr/lib/gcc/avr/4.8.1/../../../avr/lib/avr5/crtm168p.o
__vector_1                                        /usr/lib/gcc/avr/4.8.1/../../../avr/lib/avr5/crtm168p.o
__vector_10                                       /usr/lib/gcc/avr/4.8.1/../../../avr/lib/avr5/crtm168p.o
__vector_11                                       /usr/lib/gcc/avr/4.8.1/../../../avr/lib/avr5/crtm168p.o
__vector_12                                       /usr/lib/gcc/avr/4.8.1/../../../avr/lib/avr5/crtm168p.o
__vector_13                                       /usr/lib/gcc/avr/4.8.1/../../../avr/lib/avr5/crtm168p.o
__vector_14                                       build/gravare_puck.o
                                                  /usr/lib/gcc/avr/4.8.1/../../../avr/lib/avr5/crtm168p.o
__vector_15                                       /usr/lib/gcc/avr/4.8.1/../../../avr/lib/avr5/crtm168p.o
__vector_16                                       /usr/lib/gcc/avr/4.8.1/../../../avr/lib/avr5/crtm168p.o
__vector_17                                       /usr/lib/gcc/avr/4.8.1/../../../avr/lib/avr5/crtm168p.o
__vector_18                                       build/gravare_puck.o
                                                  /usr/lib/gcc/avr/4.8.1/../../../avr/lib/avr5/crtm168p.o
__vector_19                                       /usr/lib/gcc/avr/4.8.1/../../../avr/lib/avr5/crtm168p.o
__vector_2                                        /usr/lib/gcc/avr/4.8.1/../../../avr/lib/avr5/crtm168p.o
__vector_20                                       build/gravare_puck.o
                                                  /usr/lib/gcc/avr/4.8.1/../../../avr/lib/avr5/crtm168p.o
__vector_21                                       /usr/lib/gcc/avr/4.8.1/../../../avr/lib/avr5/crtm168p.o
__vector_22                                       /usr/lib/gcc/avr/4.8.1/../../../avr/lib/avr5/crtm168p.o
__vector_23                                       /usr/lib/gcc/avr/4.8.1/../../../avr/lib/avr5/crtm168p.o
__vector_24                                       /usr/lib/gcc/avr/4.8.1/../../../avr/lib/avr5/crtm168p.o
__vector_25                                       /usr/lib/gcc/avr/4.8.1/../../../avr/lib/avr5/crtm168p.o
__vector_3                                        /usr/lib/gcc/avr/4.8.1/../../../avr/lib/avr5/crtm168p.o
__vector_4                                        /usr/lib/gcc/avr/4.8.1/../../../avr/lib/avr5/crtm168p.o
__vector_5                                        /usr/lib/gcc/avr/4.8.1/../../../avr/lib/avr5/crtm168p.o
__vector_6                                        /usr/lib/gcc/avr/4.8.1/../../../avr/lib/avr5/crtm168p.o
__vector_7                                        /usr/lib/gcc/avr/4.8.1/../../../avr/lib/avr5/crtm168p.o
__vector_8                                        /usr/lib/gcc/avr/4.8.1/../../../avr/lib/avr5/crtm168p.o
__vector_9                                        /usr/lib/gcc/avr/4.8.1/../../../avr/lib/avr5/crtm168p.o
__vector_default                                  /usr/lib/gcc/avr/4.8.1/../../../avr/lib/avr5/crtm168p.o
__vectors                                         /usr/lib/gcc/avr/4.8.1/../../../avr/lib/avr5/crtm168p.o
_exit                                             /usr/lib/gcc/avr/4.8.1/avr5/libgcc.a(_exit.o)
boot_program_page                                 build/modbus.o
exit                                              /usr/lib/gcc/avr/4.8.1/avr5/libgcc.a(_exit.o)
                                                  /usr/lib/gcc/avr/4.8.1/../../../avr/lib/avr5/crtm168p.o
main                                              build/gravare_puck.o
                                                  /usr/lib/gcc/avr/4.8.1/../../../avr/lib/avr5/crtm168p.o
modbus_crc                                        build/modbus.o
modbus_execute                                    build/modbus.o
                                                  build/gravare_puck.o
modbus_get_coil                                   build/gravare_puck.o
modbus_get_data                                   build/modbus.o
modbus_get_function                               build/modbus.o
modbus_get_id                                     build/modbus.o
                                                  build/gravare_puck.o
modbus_get_register                               build/gravare_puck.o
                                                  build/modbus.o
modbus_is_frame_valid                             build/modbus.o
                                                  build/gravare_puck.o
modbus_len                                        build/gravare_puck.o
modbus_on_broadcast                               build/gravare_puck.o
                                                  build/modbus.o
modbus_put                                        build/modbus.o
modbus_putarray                                   build/modbus.o
modbus_putcrc                                     build/modbus.o
modbus_putregister                                build/modbus.o
modbus_reset                                      build/modbus.o
modbus_set_coil                                   build/gravare_puck.o
modbus_set_register                               build/gravare_puck.o
                                                  build/modbus.o
modbus_start                                      build/modbus.o
modbus_stop                                       build/modbus.o
modbus_throw                                      build/modbus.o
modbus_tx                                         build/gravare_puck.o
                                                  build/modbus.o
modbus_uint16                                     build/modbus.o
modbus_wait                                       build/modbus.o
rx_buffer                                         build/gravare_puck.o
rx_flag                                           build/gravare_puck.o
setup                                             build/gravare_puck.o
tx_crc                                            build/modbus.o
tx_index                                          build/gravare_puck.o
uart_init                                         build/gravare_puck.o
uart_put                                          build/gravare_puck.o
uart_puts                                         build/gravare_puck.o
uart_transmit                                     build/gravare_puck.o
